// Jest Snapshot v1, https://goo.gl/fbAQLP

exports[`Test that the AcceptAnswer displays 1`] = `
<div>
  <div
    className="accepted right default"
  >
    Accepted
  </div>
  <button
    className="btn accept right"
    id="acc-74"
    value="12"
  >
    Accept Answer
  </button>
  <button
    className="btn unaccept right"
    id="un-74"
    value="12"
  >
    Un-accept Answer
  </button>
</div>
`;
