// Jest Snapshot v1, https://goo.gl/fbAQLP

exports[`AnswerOptions component Test that the AnswerOptions displays 1`] = `
<div
  className="answer-options"
>
  <div
    className="message-display"
  >
    <p
      id="vote-mssg-74"
    />
    <div
      className="loader-xs"
      id={74}
    />
  </div>
  <span
    className="upvote-display"
  >
    0
  </span>
  <button
    className="btn primary-o"
    data-testid="upvote"
    id={74}
    onClick={[Function]}
    value="upvote"
  >
    Upvote
  </button>
  <span
    className="vote-display"
  >
    0
  </span>
  <button
    className="btn link gray"
    data-testid="downvote"
    id={74}
    onClick={[Function]}
    value="downvote"
  >
    Downvote
  </button>
  <button
    className="btn link"
    value={12}
  >
    Comment
  </button>
</div>
`;
