// Jest Snapshot v1, https://goo.gl/fbAQLP

exports[`Test that the AnswerOptions displays 1`] = `
<div
  className="answer-card"
>
  <div>
    <h4
      className="person-answer left"
    >
      <a
        className="inherit"
        href="/users/4"
        onClick={[Function]}
      >
        teddy01
      </a>
      <br />
      <small>
        Answered:
        <span>
          Wed Nov 21 2018
        </span>
      </small>
    </h4>
    <div
      className="clear-fix"
    />
    <p
      className="answer"
      id="\\"ans-74\\""
    >
      What?
    </p>
    <div />
    <div
      className="answer-options"
    >
      <div
        className="message-display"
      >
        <p
          id="vote-mssg-74"
        />
        <div
          className="loader-xs"
          id={74}
        />
      </div>
      <span
        className="upvote-display"
      >
        0
      </span>
      <button
        className="btn primary-o"
        data-testid="upvote"
        id={74}
        onClick={[Function]}
        value="upvote"
      >
        Upvote
      </button>
      <span
        className="vote-display"
      >
        0
      </span>
      <button
        className="btn link gray"
        data-testid="downvote"
        id={74}
        onClick={[Function]}
        value="downvote"
      >
        Downvote
      </button>
      <button
        className="btn link"
      >
        Comment
      </button>
    </div>
    <div
      className="comments"
    >
      <p
        className="comment-display"
      >
        <small>
          Jonzing
          <span
            className="right"
          >
            <a
              className="inherit"
              href="/users/4"
              onClick={[Function]}
            >
              <b>
                teddy01
              </b>
            </a>
            (
            Wed Nov 21 2018
            )
          </span>
        </small>
      </p>
      <form
        className="comment-form"
      >
        <div
          className="message-display"
        >
          <p
            id="server-message-74"
          />
          <div
            className="loader-xs"
            id="comment-74-loader"
          />
        </div>
        <textarea
          id="comment-box-74"
          placeholder="Comment on this answer"
        />
        <button
          className="btn primary"
          id="comment-74"
        >
          Post Comment
        </button>
        <input
          type="reset"
          value="Cancel"
        />
      </form>
    </div>
  </div>
</div>
`;
