// Jest Snapshot v1, https://goo.gl/fbAQLP

exports[`Test that the CommentForm displays 1`] = `
<form
  className="comment-form"
>
  <div
    className="message-display"
  >
    <p
      id="server-message-74"
    />
    <div
      className="loader-xs"
      id="comment-74-loader"
    />
  </div>
  <textarea
    id="comment-box-74"
    placeholder="Comment on this answer"
  />
  <button
    className="btn primary"
    id="comment-74"
  >
    Post Comment
  </button>
  <input
    type="reset"
    value="Cancel"
  />
</form>
`;
