// Jest Snapshot v1, https://goo.gl/fbAQLP

exports[`Test that the CommentDisp displays 1`] = `
<div
  className="row-container home"
>
  <div
    className="sd-margin-12 d-margin-3"
  >
    <div
      className="card margin-top-30"
      id="profile-summary"
    >
      <h4
        className="margin-bottom-20"
      >
        <span
          className="profile-username"
        />
        's Summary
      </h4>
      <ul
        className="list list-unstyled"
      >
        <li>
          Joined: 
          <b>
            Invalid Date
          </b>
        </li>
        <li>
          <b>
            0
          </b>
           Questions
        </li>
        <li>
          <b>
            0
          </b>
           Answers
        </li>
      </ul>
    </div>
  </div>
  <div
    className="sd-margin-12 d-margin-6 margin-bottom-30"
    id="main-container"
  >
    <div
      className="row-container margin-top-30 margin-bottom-20"
    >
      <h3>
        Recent Questions by
        <span
          className="profile-username"
        >
           
        </span>
      </h3>
      <table
        className="table"
        id="top-questions"
      >
        <tbody />
      </table>
    </div>
    <div
      className="row-container"
    >
      <h3>
        All
        <span
          id="all-questions"
        >
           
           
        </span>
        Questions by
        <span
          className="profile-username"
        >
           
        </span>
      </h3>
      <table
        className="table"
        id="top-questions"
      >
        <tbody />
      </table>
    </div>
  </div>
  <div
    className="sd-margin-12 d-margin-3"
  >
    <div>
      <h3
        className="side-title"
      >
        Top Questions with Most Answers
      </h3>
      <table
        className="table"
        id="top-questions"
      >
        <tbody />
      </table>
    </div>
  </div>
</div>
`;
